// Jest Snapshot v1, https://goo.gl/fbAQLP

exports[`ToTop.vue should render and match snapshot 1`] = `undefined`;
