// Jest Snapshot v1, https://goo.gl/fbAQLP

exports[`Button.vue should render and match snapshot 1`] = `<button type="button" class="button"><span class="button__content"></span></button>`;
