// Jest Snapshot v1, https://goo.gl/fbAQLP

exports[`Collapse.vue should render and match snapshot 1`] = `<div id="" style="display: none;" enter-class="" enter-active-class="collapsing" enter-to-class="" leave-class="" leave-active-class="collapsing" leave-to-class=""></div>`;
