// Jest Snapshot v1, https://goo.gl/fbAQLP

exports[`Icon.vue should render and match snapshot 1`] = `
<svg class="icon" style="height: 1em;">
  <use xlink:href="#undefined"></use>
</svg>
`;
